******************************************************************************
                  MSP430 Linker PC v15.12.1                    
******************************************************************************
>> Linked Wed May 11 17:41:11 2016

OUTPUT FILE NAME:   <SMD-Reflow-Soldering.out>
ENTRY POINT SYMBOL: "_c_int00_noargs_noexit"  address: 0000d3d2


MEMORY CONFIGURATION

         name            origin    length      used     unused   attr    fill
----------------------  --------  ---------  --------  --------  ----  --------
  SFR                   00000000   00000010  00000000  00000010  RWIX
  PERIPHERALS_8BIT      00000010   000000f0  00000000  000000f0  RWIX
  PERIPHERALS_16BIT     00000100   00000100  00000000  00000100  RWIX
  RAM                   00000200   00000200  0000005c  000001a4  RWIX
  INFOD                 00001000   00000040  00000000  00000040  RWIX
  INFOC                 00001040   00000040  00000000  00000040  RWIX
  INFOB                 00001080   00000040  00000000  00000040  RWIX
  INFOA                 000010c0   00000040  00000000  00000040  RWIX
  FLASH                 0000c000   00003fde  00001526  00002ab8  RWIX
  BSLSIGNATURE          0000ffde   00000002  00000002  00000000  RWIX  ffff 
  INT00                 0000ffe0   00000002  00000002  00000000  RWIX
  INT01                 0000ffe2   00000002  00000000  00000002  RWIX
  INT02                 0000ffe4   00000002  00000002  00000000  RWIX
  INT03                 0000ffe6   00000002  00000002  00000000  RWIX
  INT04                 0000ffe8   00000002  00000000  00000002  RWIX
  INT05                 0000ffea   00000002  00000002  00000000  RWIX
  INT06                 0000ffec   00000002  00000002  00000000  RWIX
  INT07                 0000ffee   00000002  00000002  00000000  RWIX
  INT08                 0000fff0   00000002  00000002  00000000  RWIX
  INT09                 0000fff2   00000002  00000002  00000000  RWIX
  INT10                 0000fff4   00000002  00000002  00000000  RWIX
  INT11                 0000fff6   00000002  00000002  00000000  RWIX
  INT12                 0000fff8   00000002  00000002  00000000  RWIX
  INT13                 0000fffa   00000002  00000002  00000000  RWIX
  INT14                 0000fffc   00000002  00000002  00000000  RWIX
  RESET                 0000fffe   00000002  00000002  00000000  RWIX


SECTION ALLOCATION MAP

 output                                  attributes/
section   page    origin      length       input sections
--------  ----  ----------  ----------   ----------------
.bss       0    00000200    0000000c     UNINITIALIZED
                  00000200    0000000a     (.common:charValue)
                  0000020a    00000002     (.common:value)

.stack     0    000003b0    00000050     UNINITIALIZED
                  000003b0    00000002     rts430_eabi.lib : boot.obj (.stack)
                  000003b2    0000004e     --HOLE--

.text      0    0000c000    000014bc     
                  0000c000    000002f4     rts430_eabi.lib : frcmpyd.obj (.text:__TI_frcmpyd)
                  0000c2f4    000002e8                     : addd.obj (.text:__mspabi_addd)
                  0000c5dc    0000026e                     : mpyd.obj (.text:__mspabi_mpyd)
                  0000c84a    00000260                     : frcaddd.obj (.text:__TI_frcaddd)
                  0000caaa    0000018c     main.obj (.text:main)
                  0000cc36    00000132     rts430_eabi.lib : fs_add.obj (.text)
                  0000cd68    000000be                     : renormd.obj (.text:__TI_renormd)
                  0000ce26    0000008c                     : cvtdf.obj (.text:__mspabi_cvtdf)
                  0000ceb2    00000086     Hardware.obj (.text:itoa)
                  0000cf38    00000072     rts430_eabi.lib : cvtfd.obj (.text:__mspabi_cvtfd)
                  0000cfaa    0000006e                     : autoinit.obj (.text:_auto_init)
                  0000d018    0000005c                     : lsr32.obj (.text:l_lsr_const)
                  0000d074    0000005a                     : cpy_tbl.obj (.text:copy_in)
                  0000d0ce    00000058                     : div32u.obj (.text)
                  0000d126    00000056     Hardware.obj (.text:ADC_to_Celsius)
                  0000d17c    0000004c     rts430_eabi.lib : lsr16.obj (.text)
                  0000d1c8    00000046                     : fs_tou.obj (.text)
                  0000d20e    0000003e                     : asr32.obj (.text:l_asr_const)
                  0000d24c    0000003e                     : lsl32.obj (.text:l_lsl_const)
                  0000d28a    0000002c                     : asr16.obj (.text)
                  0000d2b6    0000002c                     : lsl16.obj (.text)
                  0000d2e2    00000028     Hardware.obj (.text:Init_IOS)
                  0000d30a    00000026     Hardware.obj (.text:Init_UART)
                  0000d330    00000026     rts430_eabi.lib : mult32.obj (.text)
                  0000d356    00000024                     : fs_utof.obj (.text)
                  0000d37a    00000020     Hardware.obj (.text:UART_TX)
                  0000d39a    0000001c     Hardware.obj (.text:ConfigureAdc)
                  0000d3b6    0000001c     Hardware.obj (.text:ReadAdc)
                  0000d3d2    0000001a     rts430_eabi.lib : boot_special.obj (.text:_c_int00_noargs_noexit)
                  0000d3ec    00000016     Hardware.obj (.text:Toggle_P1)
                  0000d402    00000014     rts430_eabi.lib : copy_zero_init.obj (.text:decompress:ZI:__TI_zero_init)
                  0000d416    00000014                     : mult16.obj (.text)
                  0000d42a    00000012     Hardware.obj (.text:Read_P1)
                  0000d43c    00000012     rts430_eabi.lib : lsr32.obj (.text:l_lsr)
                  0000d44e    00000012                     : memcpy.obj (.text:memcpy)
                  0000d460    00000010     Hardware.obj (.text:OutPut_P1)
                  0000d470    00000010     rts430_eabi.lib : asr32.obj (.text:l_asr)
                  0000d480    00000010                     : lsl32.obj (.text:l_lsl)
                  0000d490    00000010                     : epilog.obj (.text)
                  0000d4a0    00000008     Hardware.obj (.text:ADC10_ISR)
                  0000d4a8    00000008     rts430_eabi.lib : isr_trap.obj (.text:_isr:__TI_ISR_TRAP)
                  0000d4b0    00000006                     : exit.obj (.text:abort)
                  0000d4b6    00000004                     : pre_init.obj (.text:_system_pre_init)
                  0000d4ba    00000002                     : startup.obj (.text:_system_post_cinit)

.const     0    0000d4bc    00000060     
                  0000d4bc    00000048     Hardware.obj (.const:.string)
                  0000d504    00000018     main.obj (.const:.string)

.cinit     0    0000d51c    0000000a     
                  0000d51c    00000004     (.cinit..bss.load) [load image, compression = zero_init]
                  0000d520    00000002     (__TI_handler_table)
                  0000d522    00000004     (__TI_cinit_table)

.init_array 
*          0    0000c000    00000000     UNINITIALIZED

TRAPINT    0    0000ffe0    00000002     
                  0000ffe0    00000002     rts430_eabi.lib : int00.obj (.int00)

PORT1      0    0000ffe4    00000002     
                  0000ffe4    00000002     rts430_eabi.lib : int02.obj (.int02)

PORT2      0    0000ffe6    00000002     
                  0000ffe6    00000002     rts430_eabi.lib : int03.obj (.int03)

$fill000   0    0000ffde    00000002     
                  0000ffde    00000002     --HOLE-- [fill = ffff]

ADC10      0    0000ffea    00000002     
                  0000ffea    00000002     Hardware.obj (.int05)

USCIAB0TX 
*          0    0000ffec    00000002     
                  0000ffec    00000002     rts430_eabi.lib : int06.obj (.int06)

USCIAB0RX 
*          0    0000ffee    00000002     
                  0000ffee    00000002     rts430_eabi.lib : int07.obj (.int07)

TIMER0_A1 
*          0    0000fff0    00000002     
                  0000fff0    00000002     rts430_eabi.lib : int08.obj (.int08)

TIMER0_A0 
*          0    0000fff2    00000002     
                  0000fff2    00000002     rts430_eabi.lib : int09.obj (.int09)

WDT        0    0000fff4    00000002     
                  0000fff4    00000002     rts430_eabi.lib : int10.obj (.int10)

COMPARATORA 
*          0    0000fff6    00000002     
                  0000fff6    00000002     rts430_eabi.lib : int11.obj (.int11)

TIMER1_A1 
*          0    0000fff8    00000002     
                  0000fff8    00000002     rts430_eabi.lib : int12.obj (.int12)

TIMER1_A0 
*          0    0000fffa    00000002     
                  0000fffa    00000002     rts430_eabi.lib : int13.obj (.int13)

NMI        0    0000fffc    00000002     
                  0000fffc    00000002     rts430_eabi.lib : int14.obj (.int14)

.reset     0    0000fffe    00000002     
                  0000fffe    00000002     rts430_eabi.lib : boot.obj (.reset)

MODULE SUMMARY

       Module               code   ro data   rw data
       ------               ----   -------   -------
    .\
       Hardware.obj         450    74        0      
       main.obj             396    24        12     
    +--+--------------------+------+---------+---------+
       Total:               846    98        12     
                                                    
    C:\ti\ccsv6\tools\compiler\ti-cgt-msp430_15.12.1.LTS\lib\rts430_eabi.lib
       frcmpyd.obj          756    0         0      
       addd.obj             744    0         0      
       mpyd.obj             622    0         0      
       frcaddd.obj          608    0         0      
       fs_add.obj           306    0         0      
       renormd.obj          190    0         0      
       cvtdf.obj            140    0         0      
       cvtfd.obj            114    0         0      
       autoinit.obj         110    0         0      
       lsr32.obj            110    0         0      
       cpy_tbl.obj          90     0         0      
       div32u.obj           88     0         0      
       asr32.obj            78     0         0      
       lsl32.obj            78     0         0      
       lsr16.obj            76     0         0      
       fs_tou.obj           70     0         0      
       asr16.obj            44     0         0      
       lsl16.obj            44     0         0      
       mult32.obj           38     0         0      
       fs_utof.obj          36     0         0      
       boot_special.obj     26     0         0      
       copy_zero_init.obj   20     0         0      
       mult16.obj           20     0         0      
       memcpy.obj           18     0         0      
       epilog.obj           16     0         0      
       isr_trap.obj         8      0         0      
       exit.obj             6      0         0      
       pre_init.obj         4      0         0      
       boot.obj             0      2         0      
       int00.obj            0      2         0      
       int02.obj            0      2         0      
       int03.obj            0      2         0      
       int06.obj            0      2         0      
       int07.obj            0      2         0      
       int08.obj            0      2         0      
       int09.obj            0      2         0      
       int10.obj            0      2         0      
       int11.obj            0      2         0      
       int12.obj            0      2         0      
       int13.obj            0      2         0      
       int14.obj            0      2         0      
       startup.obj          2      0         0      
    +--+--------------------+------+---------+---------+
       Total:               4462   26        0      
                                                    
       Stack:               0      0         80     
       Linker Generated:    0      10        0      
    +--+--------------------+------+---------+---------+
       Grand Total:         5308   134       92     


LINKER GENERATED COPY TABLES

__TI_cinit_table @ 0000d522 records: 1, size/record: 4, table size: 4
	.bss: load addr=0000d51c, load size=00000004 bytes, run addr=00000200, run size=0000000c bytes, compression=zero_init


LINKER GENERATED HANDLER TABLE

__TI_handler_table @ 0000d520 records: 1, size/record: 2, table size: 2
	index: 0, handler: __TI_zero_init


GLOBAL SYMBOLS: SORTED ALPHABETICALLY BY Name 

address   name                    
-------   ----                    
0000004a  ADC10AE0                
000001b0  ADC10CTL0               
000001b2  ADC10CTL1               
00000048  ADC10DTC0               
00000049  ADC10DTC1               
000001b4  ADC10MEM                
000001bc  ADC10SA                 
0000d4a0  ADC10_ISR               
0000d126  ADC_to_Celsius          
00000057  BCSCTL1                 
00000058  BCSCTL2                 
00000053  BCSCTL3                 
0000d4b0  C$$EXIT                 
00000059  CACTL1                  
0000005a  CACTL2                  
000010fb  CALBC1_12MHZ            
000010f9  CALBC1_16MHZ            
000010ff  CALBC1_1MHZ             
000010fd  CALBC1_8MHZ             
000010fa  CALDCO_12MHZ            
000010f8  CALDCO_16MHZ            
000010fe  CALDCO_1MHZ             
000010fc  CALDCO_8MHZ             
0000005b  CAPD                    
0000d39a  ConfigureAdc            
00000056  DCOCTL                  
00000128  FCTL1                   
0000012a  FCTL2                   
0000012c  FCTL3                   
00000000  IE1                     
00000001  IE2                     
00000002  IFG1                    
00000003  IFG2                    
0000d2e2  Init_IOS                
0000d30a  Init_UART               
0000d460  OutPut_P1               
00000022  P1DIR                   
00000025  P1IE                    
00000024  P1IES                   
00000023  P1IFG                   
00000020  P1IN                    
00000021  P1OUT                   
00000027  P1REN                   
00000026  P1SEL                   
00000041  P1SEL2                  
0000002a  P2DIR                   
0000002d  P2IE                    
0000002c  P2IES                   
0000002b  P2IFG                   
00000028  P2IN                    
00000029  P2OUT                   
0000002f  P2REN                   
0000002e  P2SEL                   
00000042  P2SEL2                  
0000001a  P3DIR                   
00000018  P3IN                    
00000019  P3OUT                   
00000010  P3REN                   
0000001b  P3SEL                   
00000043  P3SEL2                  
0000d3b6  ReadAdc                 
0000d42a  Read_P1                 
00000172  TA0CCR0                 
00000174  TA0CCR1                 
00000176  TA0CCR2                 
00000162  TA0CCTL0                
00000164  TA0CCTL1                
00000166  TA0CCTL2                
00000160  TA0CTL                  
0000012e  TA0IV                   
00000170  TA0R                    
00000192  TA1CCR0                 
00000194  TA1CCR1                 
00000196  TA1CCR2                 
00000182  TA1CCTL0                
00000184  TA1CCTL1                
00000186  TA1CCTL2                
00000180  TA1CTL                  
0000011e  TA1IV                   
00000190  TA1R                    
000010db  TLV_ADC10_1_LEN         
000010da  TLV_ADC10_1_TAG         
000010c0  TLV_CHECKSUM            
000010f7  TLV_DCO_30_LEN          
000010f6  TLV_DCO_30_TAG          
0000d3ec  Toggle_P1               
0000d37a  UART_TX                 
0000005d  UCA0ABCTL               
00000062  UCA0BR0                 
00000063  UCA0BR1                 
00000060  UCA0CTL0                
00000061  UCA0CTL1                
0000005f  UCA0IRRCTL              
0000005e  UCA0IRTCTL              
00000064  UCA0MCTL                
00000066  UCA0RXBUF               
00000065  UCA0STAT                
00000067  UCA0TXBUF               
0000006a  UCB0BR0                 
0000006b  UCB0BR1                 
00000068  UCB0CTL0                
00000069  UCB0CTL1                
0000006c  UCB0I2CIE               
00000118  UCB0I2COA               
0000011a  UCB0I2CSA               
0000006e  UCB0RXBUF               
0000006d  UCB0STAT                
0000006f  UCB0TXBUF               
00000120  WDTCTL                  
00000400  __STACK_END             
00000050  __STACK_SIZE            
UNDEFED   __TI_BINIT_Base         
UNDEFED   __TI_BINIT_Limit        
0000d522  __TI_CINIT_Base         
0000d526  __TI_CINIT_Limit        
0000d520  __TI_Handler_Table_Base 
0000d522  __TI_Handler_Table_Limit
UNDEFED   __TI_INITARRAY_Base     
UNDEFED   __TI_INITARRAY_Limit    
0000d4a8  __TI_ISR_TRAP           
0000c84a  __TI_frcaddd            
0000c000  __TI_frcmpyd            
0000ffe0  __TI_int00              
0000ffe4  __TI_int02              
0000ffe6  __TI_int03              
0000ffea  __TI_int05              
0000ffec  __TI_int06              
0000ffee  __TI_int07              
0000fff0  __TI_int08              
0000fff2  __TI_int09              
0000fff4  __TI_int10              
0000fff6  __TI_int11              
0000fff8  __TI_int12              
0000fffa  __TI_int13              
0000fffc  __TI_int14              
ffffffff  __TI_pprof_out_hndl     
ffffffff  __TI_prof_data_size     
ffffffff  __TI_prof_data_start    
0000cd68  __TI_renormd            
0000d402  __TI_zero_init          
ffffffff  __c_args__              
0000c2f4  __mspabi_addd           
0000cc3c  __mspabi_addf           
0000ce26  __mspabi_cvtdf          
0000cf38  __mspabi_cvtfd          
0000d0ce  __mspabi_divul          
0000d1c8  __mspabi_fixfu          
0000d356  __mspabi_fltuf          
0000d49c  __mspabi_func_epilog_1  
0000d49a  __mspabi_func_epilog_2  
0000d498  __mspabi_func_epilog_3  
0000d496  __mspabi_func_epilog_4  
0000d494  __mspabi_func_epilog_5  
0000d492  __mspabi_func_epilog_6  
0000d490  __mspabi_func_epilog_7  
0000c5dc  __mspabi_mpyd           
0000d416  __mspabi_mpyi           
0000d416  __mspabi_mpyi_sw        
0000d330  __mspabi_mpyl           
0000d330  __mspabi_mpyl_sw        
0000d0ce  __mspabi_remul          
0000d2b6  __mspabi_slli           
0000d2de  __mspabi_slli_1         
0000d2cc  __mspabi_slli_10        
0000d2ca  __mspabi_slli_11        
0000d2c8  __mspabi_slli_12        
0000d2c6  __mspabi_slli_13        
0000d2c4  __mspabi_slli_14        
0000d2c2  __mspabi_slli_15        
0000d2dc  __mspabi_slli_2         
0000d2da  __mspabi_slli_3         
0000d2d8  __mspabi_slli_4         
0000d2d6  __mspabi_slli_5         
0000d2d4  __mspabi_slli_6         
0000d2d2  __mspabi_slli_7         
0000d2d0  __mspabi_slli_8         
0000d2ce  __mspabi_slli_9         
0000d480  __mspabi_slll           
0000d284  __mspabi_slll_1         
0000d260  __mspabi_slll_10        
0000d25c  __mspabi_slll_11        
0000d258  __mspabi_slll_12        
0000d254  __mspabi_slll_13        
0000d250  __mspabi_slll_14        
0000d24c  __mspabi_slll_15        
0000d280  __mspabi_slll_2         
0000d27c  __mspabi_slll_3         
0000d278  __mspabi_slll_4         
0000d274  __mspabi_slll_5         
0000d270  __mspabi_slll_6         
0000d26c  __mspabi_slll_7         
0000d268  __mspabi_slll_8         
0000d264  __mspabi_slll_9         
0000d28a  __mspabi_srai           
0000d2b2  __mspabi_srai_1         
0000d2a0  __mspabi_srai_10        
0000d29e  __mspabi_srai_11        
0000d29c  __mspabi_srai_12        
0000d29a  __mspabi_srai_13        
0000d298  __mspabi_srai_14        
0000d296  __mspabi_srai_15        
0000d2b0  __mspabi_srai_2         
0000d2ae  __mspabi_srai_3         
0000d2ac  __mspabi_srai_4         
0000d2aa  __mspabi_srai_5         
0000d2a8  __mspabi_srai_6         
0000d2a6  __mspabi_srai_7         
0000d2a4  __mspabi_srai_8         
0000d2a2  __mspabi_srai_9         
0000d470  __mspabi_sral           
0000d246  __mspabi_sral_1         
0000d222  __mspabi_sral_10        
0000d21e  __mspabi_sral_11        
0000d21a  __mspabi_sral_12        
0000d216  __mspabi_sral_13        
0000d212  __mspabi_sral_14        
0000d20e  __mspabi_sral_15        
0000d242  __mspabi_sral_2         
0000d23e  __mspabi_sral_3         
0000d23a  __mspabi_sral_4         
0000d236  __mspabi_sral_5         
0000d232  __mspabi_sral_6         
0000d22e  __mspabi_sral_7         
0000d22a  __mspabi_sral_8         
0000d226  __mspabi_sral_9         
0000d17c  __mspabi_srli           
0000d1c2  __mspabi_srli_1         
0000d19e  __mspabi_srli_10        
0000d19a  __mspabi_srli_11        
0000d196  __mspabi_srli_12        
0000d192  __mspabi_srli_13        
0000d18e  __mspabi_srli_14        
0000d18a  __mspabi_srli_15        
0000d1be  __mspabi_srli_2         
0000d1ba  __mspabi_srli_3         
0000d1b6  __mspabi_srli_4         
0000d1b2  __mspabi_srli_5         
0000d1ae  __mspabi_srli_6         
0000d1aa  __mspabi_srli_7         
0000d1a6  __mspabi_srli_8         
0000d1a2  __mspabi_srli_9         
0000d43c  __mspabi_srll           
0000d06c  __mspabi_srll_1         
0000d036  __mspabi_srll_10        
0000d030  __mspabi_srll_11        
0000d02a  __mspabi_srll_12        
0000d024  __mspabi_srll_13        
0000d01e  __mspabi_srll_14        
0000d018  __mspabi_srll_15        
0000d066  __mspabi_srll_2         
0000d060  __mspabi_srll_3         
0000d05a  __mspabi_srll_4         
0000d054  __mspabi_srll_5         
0000d04e  __mspabi_srll_6         
0000d048  __mspabi_srll_7         
0000d042  __mspabi_srll_8         
0000d03c  __mspabi_srll_9         
0000cc36  __mspabi_subf           
0000cfaa  _auto_init              
0000d3d2  _c_int00_noargs_noexit  
0000fffe  _reset_vector           
000003b0  _stack                  
0000d4ba  _system_post_cinit      
0000d4b6  _system_pre_init        
0000d4b0  abort                   
00000200  charValue               
0000d074  copy_in                 
0000ceb2  itoa                    
0000caaa  main                    
0000d44e  memcpy                  
0000020a  value                   


GLOBAL SYMBOLS: SORTED BY Symbol Address 

address   name                    
-------   ----                    
00000000  IE1                     
00000001  IE2                     
00000002  IFG1                    
00000003  IFG2                    
00000010  P3REN                   
00000018  P3IN                    
00000019  P3OUT                   
0000001a  P3DIR                   
0000001b  P3SEL                   
00000020  P1IN                    
00000021  P1OUT                   
00000022  P1DIR                   
00000023  P1IFG                   
00000024  P1IES                   
00000025  P1IE                    
00000026  P1SEL                   
00000027  P1REN                   
00000028  P2IN                    
00000029  P2OUT                   
0000002a  P2DIR                   
0000002b  P2IFG                   
0000002c  P2IES                   
0000002d  P2IE                    
0000002e  P2SEL                   
0000002f  P2REN                   
00000041  P1SEL2                  
00000042  P2SEL2                  
00000043  P3SEL2                  
00000048  ADC10DTC0               
00000049  ADC10DTC1               
0000004a  ADC10AE0                
00000050  __STACK_SIZE            
00000053  BCSCTL3                 
00000056  DCOCTL                  
00000057  BCSCTL1                 
00000058  BCSCTL2                 
00000059  CACTL1                  
0000005a  CACTL2                  
0000005b  CAPD                    
0000005d  UCA0ABCTL               
0000005e  UCA0IRTCTL              
0000005f  UCA0IRRCTL              
00000060  UCA0CTL0                
00000061  UCA0CTL1                
00000062  UCA0BR0                 
00000063  UCA0BR1                 
00000064  UCA0MCTL                
00000065  UCA0STAT                
00000066  UCA0RXBUF               
00000067  UCA0TXBUF               
00000068  UCB0CTL0                
00000069  UCB0CTL1                
0000006a  UCB0BR0                 
0000006b  UCB0BR1                 
0000006c  UCB0I2CIE               
0000006d  UCB0STAT                
0000006e  UCB0RXBUF               
0000006f  UCB0TXBUF               
00000118  UCB0I2COA               
0000011a  UCB0I2CSA               
0000011e  TA1IV                   
00000120  WDTCTL                  
00000128  FCTL1                   
0000012a  FCTL2                   
0000012c  FCTL3                   
0000012e  TA0IV                   
00000160  TA0CTL                  
00000162  TA0CCTL0                
00000164  TA0CCTL1                
00000166  TA0CCTL2                
00000170  TA0R                    
00000172  TA0CCR0                 
00000174  TA0CCR1                 
00000176  TA0CCR2                 
00000180  TA1CTL                  
00000182  TA1CCTL0                
00000184  TA1CCTL1                
00000186  TA1CCTL2                
00000190  TA1R                    
00000192  TA1CCR0                 
00000194  TA1CCR1                 
00000196  TA1CCR2                 
000001b0  ADC10CTL0               
000001b2  ADC10CTL1               
000001b4  ADC10MEM                
000001bc  ADC10SA                 
00000200  charValue               
0000020a  value                   
000003b0  _stack                  
00000400  __STACK_END             
000010c0  TLV_CHECKSUM            
000010da  TLV_ADC10_1_TAG         
000010db  TLV_ADC10_1_LEN         
000010f6  TLV_DCO_30_TAG          
000010f7  TLV_DCO_30_LEN          
000010f8  CALDCO_16MHZ            
000010f9  CALBC1_16MHZ            
000010fa  CALDCO_12MHZ            
000010fb  CALBC1_12MHZ            
000010fc  CALDCO_8MHZ             
000010fd  CALBC1_8MHZ             
000010fe  CALDCO_1MHZ             
000010ff  CALBC1_1MHZ             
0000c000  __TI_frcmpyd            
0000c2f4  __mspabi_addd           
0000c5dc  __mspabi_mpyd           
0000c84a  __TI_frcaddd            
0000caaa  main                    
0000cc36  __mspabi_subf           
0000cc3c  __mspabi_addf           
0000cd68  __TI_renormd            
0000ce26  __mspabi_cvtdf          
0000ceb2  itoa                    
0000cf38  __mspabi_cvtfd          
0000cfaa  _auto_init              
0000d018  __mspabi_srll_15        
0000d01e  __mspabi_srll_14        
0000d024  __mspabi_srll_13        
0000d02a  __mspabi_srll_12        
0000d030  __mspabi_srll_11        
0000d036  __mspabi_srll_10        
0000d03c  __mspabi_srll_9         
0000d042  __mspabi_srll_8         
0000d048  __mspabi_srll_7         
0000d04e  __mspabi_srll_6         
0000d054  __mspabi_srll_5         
0000d05a  __mspabi_srll_4         
0000d060  __mspabi_srll_3         
0000d066  __mspabi_srll_2         
0000d06c  __mspabi_srll_1         
0000d074  copy_in                 
0000d0ce  __mspabi_divul          
0000d0ce  __mspabi_remul          
0000d126  ADC_to_Celsius          
0000d17c  __mspabi_srli           
0000d18a  __mspabi_srli_15        
0000d18e  __mspabi_srli_14        
0000d192  __mspabi_srli_13        
0000d196  __mspabi_srli_12        
0000d19a  __mspabi_srli_11        
0000d19e  __mspabi_srli_10        
0000d1a2  __mspabi_srli_9         
0000d1a6  __mspabi_srli_8         
0000d1aa  __mspabi_srli_7         
0000d1ae  __mspabi_srli_6         
0000d1b2  __mspabi_srli_5         
0000d1b6  __mspabi_srli_4         
0000d1ba  __mspabi_srli_3         
0000d1be  __mspabi_srli_2         
0000d1c2  __mspabi_srli_1         
0000d1c8  __mspabi_fixfu          
0000d20e  __mspabi_sral_15        
0000d212  __mspabi_sral_14        
0000d216  __mspabi_sral_13        
0000d21a  __mspabi_sral_12        
0000d21e  __mspabi_sral_11        
0000d222  __mspabi_sral_10        
0000d226  __mspabi_sral_9         
0000d22a  __mspabi_sral_8         
0000d22e  __mspabi_sral_7         
0000d232  __mspabi_sral_6         
0000d236  __mspabi_sral_5         
0000d23a  __mspabi_sral_4         
0000d23e  __mspabi_sral_3         
0000d242  __mspabi_sral_2         
0000d246  __mspabi_sral_1         
0000d24c  __mspabi_slll_15        
0000d250  __mspabi_slll_14        
0000d254  __mspabi_slll_13        
0000d258  __mspabi_slll_12        
0000d25c  __mspabi_slll_11        
0000d260  __mspabi_slll_10        
0000d264  __mspabi_slll_9         
0000d268  __mspabi_slll_8         
0000d26c  __mspabi_slll_7         
0000d270  __mspabi_slll_6         
0000d274  __mspabi_slll_5         
0000d278  __mspabi_slll_4         
0000d27c  __mspabi_slll_3         
0000d280  __mspabi_slll_2         
0000d284  __mspabi_slll_1         
0000d28a  __mspabi_srai           
0000d296  __mspabi_srai_15        
0000d298  __mspabi_srai_14        
0000d29a  __mspabi_srai_13        
0000d29c  __mspabi_srai_12        
0000d29e  __mspabi_srai_11        
0000d2a0  __mspabi_srai_10        
0000d2a2  __mspabi_srai_9         
0000d2a4  __mspabi_srai_8         
0000d2a6  __mspabi_srai_7         
0000d2a8  __mspabi_srai_6         
0000d2aa  __mspabi_srai_5         
0000d2ac  __mspabi_srai_4         
0000d2ae  __mspabi_srai_3         
0000d2b0  __mspabi_srai_2         
0000d2b2  __mspabi_srai_1         
0000d2b6  __mspabi_slli           
0000d2c2  __mspabi_slli_15        
0000d2c4  __mspabi_slli_14        
0000d2c6  __mspabi_slli_13        
0000d2c8  __mspabi_slli_12        
0000d2ca  __mspabi_slli_11        
0000d2cc  __mspabi_slli_10        
0000d2ce  __mspabi_slli_9         
0000d2d0  __mspabi_slli_8         
0000d2d2  __mspabi_slli_7         
0000d2d4  __mspabi_slli_6         
0000d2d6  __mspabi_slli_5         
0000d2d8  __mspabi_slli_4         
0000d2da  __mspabi_slli_3         
0000d2dc  __mspabi_slli_2         
0000d2de  __mspabi_slli_1         
0000d2e2  Init_IOS                
0000d30a  Init_UART               
0000d330  __mspabi_mpyl           
0000d330  __mspabi_mpyl_sw        
0000d356  __mspabi_fltuf          
0000d37a  UART_TX                 
0000d39a  ConfigureAdc            
0000d3b6  ReadAdc                 
0000d3d2  _c_int00_noargs_noexit  
0000d3ec  Toggle_P1               
0000d402  __TI_zero_init          
0000d416  __mspabi_mpyi           
0000d416  __mspabi_mpyi_sw        
0000d42a  Read_P1                 
0000d43c  __mspabi_srll           
0000d44e  memcpy                  
0000d460  OutPut_P1               
0000d470  __mspabi_sral           
0000d480  __mspabi_slll           
0000d490  __mspabi_func_epilog_7  
0000d492  __mspabi_func_epilog_6  
0000d494  __mspabi_func_epilog_5  
0000d496  __mspabi_func_epilog_4  
0000d498  __mspabi_func_epilog_3  
0000d49a  __mspabi_func_epilog_2  
0000d49c  __mspabi_func_epilog_1  
0000d4a0  ADC10_ISR               
0000d4a8  __TI_ISR_TRAP           
0000d4b0  C$$EXIT                 
0000d4b0  abort                   
0000d4b6  _system_pre_init        
0000d4ba  _system_post_cinit      
0000d520  __TI_Handler_Table_Base 
0000d522  __TI_CINIT_Base         
0000d522  __TI_Handler_Table_Limit
0000d526  __TI_CINIT_Limit        
0000ffe0  __TI_int00              
0000ffe4  __TI_int02              
0000ffe6  __TI_int03              
0000ffea  __TI_int05              
0000ffec  __TI_int06              
0000ffee  __TI_int07              
0000fff0  __TI_int08              
0000fff2  __TI_int09              
0000fff4  __TI_int10              
0000fff6  __TI_int11              
0000fff8  __TI_int12              
0000fffa  __TI_int13              
0000fffc  __TI_int14              
0000fffe  _reset_vector           
ffffffff  __TI_pprof_out_hndl     
ffffffff  __TI_prof_data_size     
ffffffff  __TI_prof_data_start    
ffffffff  __c_args__              
UNDEFED   __TI_BINIT_Base         
UNDEFED   __TI_BINIT_Limit        
UNDEFED   __TI_INITARRAY_Base     
UNDEFED   __TI_INITARRAY_Limit    

[271 symbols]
